00:12 +2 -1: Some tests failed.
